// Jest Snapshot v1, https://goo.gl/fbAQLP

exports[`<GifItem /> should match with snapshot 1`] = `
<div>
  <div
    class="card"
  >
    <img
      alt="Goku"
      src="https://goku.com/goku.jpg"
    />
    <p>
      Goku
    </p>
  </div>
</div>
`;
